
> sobriety-app@0.0.0 build
> ng build

[33mÔØ»[39m Building...
[32mÔ£ö[39m Building...
Application bundle generation failed. [7.008 seconds] - 2026-01-22T16:43:49.459Z

node.exe : 
[1m[33m[33mÔû▓ [43;3
3m[[43;30mWARNING[43;3
3m][0m [1mNG8107: The 
left side of this 
optional chain 
operation does not 
include 'null' or 
'undefined' in its 
type, therefore the 
'?.' operator can be 
replaced with the '.' 
operator.[0m 
[1m[35m[plugin 
angular-compiler][0m
At C:\Program 
Files\nodejs\npm.ps1:29 
char:3
+   & $NODE_EXE 
$NPM_CLI_JS $args
+   ~~~~~~~~~~~~~~~~~~~~
~~~~~~~~~
    + CategoryInfo      
        : NotSpeci    
fied: ([1m[33m    
[33mÔ...r-compile    
r][0m:String) []    , 
RemoteException
    + FullyQualifiedE   
 rrorId : NativeCo    
mmandError
 

    src/app/forum/forum.
html:59:57:
[37m      59 Ôöé ...-ic
on>comment</mat-icon> 
{{ post.comments?.[32ml
ength[37m || 0 }} 
Comments
         ÔòÁ            
                        
           
[32m~~~~~~[0m

  Warning occurs in the 
template of component 
Forum.

    src/app/forum/forum.
ts:39:15:
[37m      39 Ôöé   
templateUrl: [32m'./for
um.html'[37m,
         ÔòÁ            
    
[32m~~~~~~~~~~~~~~[0m


[33mÔû▓ [43;33m[[43;3
0mWARNING[43;33m][0m 
[1mNG8107: The left 
side of this optional 
chain operation does 
not include 'null' or 
'undefined' in its 
type, therefore the 
'?.' operator can be 
replaced with the '.' 
operator.[0m 
[1m[35m[plugin 
angular-compiler][0m

    src/app/forum/forum.
html:71:58:
[37m      71 Ôöé       
<div class="comments-sec
tion" *ngIf="post.commen
ts?.[32mlength[37m">
         ÔòÁ            
                        
                       
[32m~~~~~~[0m

  Warning occurs in the 
template of component 
Forum.

    src/app/forum/forum.
ts:39:15:
[37m      39 Ôöé   
templateUrl: [32m'./for
um.html'[37m,
         ÔòÁ            
    
[32m~~~~~~~~~~~~~~[0m


[33mÔû▓ [43;33m[[43;3
0mWARNING[43;33m][0m 
[1mNG8113: 
MatCardActions is not 
used within the 
template of Journal[0m 
[1m[35m[plugin 
angular-compiler][0m

    src/app/journal/jour
nal.ts:29:4:
[37m      29 Ôöé     [
32mMatCardActions[37m,
         ÔòÁ     
[32m~~~~~~~~~~~~~~[0m


[33mÔû▓ [43;33m[[43;3
0mWARNING[43;33m][0m 
[1mNG8113: 
MatCardActions is not 
used within the 
template of Journal[0m 
[1m[35m[plugin 
angular-compiler][0m

    src/app/journal/jour
nal.ts:30:4:
[37m      30 Ôöé     [
32mMatCardActions[37m,
         ÔòÁ     
[32m~~~~~~~~~~~~~~[0m

[39m[22m
[1m[31m[31mX [41;31m
[[41;97mERROR[41;31m]
[0m [1mNG8002: Can't 
bind to 
'matMenuTriggerFor' 
since it isn't a known 
property of 
'button'.[0m 
[1m[35m[plugin 
angular-compiler][0m

    src/app/meetings/mee
tings.html:51:74:
[37m      51 Ôöé 
...olor="primary" 
*ngIf="!isInCall()" [32
m[matMenuTriggerFor]="ca
llMenu"[37m>
         ÔòÁ            
                        
   [32m~~~~~~~~~~~~~~~~
~~~~~~~~~~~~~~[0m

  Error occurs in the 
template of component 
Meetings.

    src/app/meetings/mee
tings.ts:26:15:
[37m      26 Ôöé   
templateUrl: [32m'./mee
tings.html'[37m,
         ÔòÁ            
    [32m~~~~~~~~~~~~~~~
~~[0m


[31mX [41;31m[[41;97m
ERROR[41;31m][0m 
[1mNG8001: 'mat-menu' 
is not a known element:
1. If 'mat-menu' is an 
Angular component, then 
verify that it is 
included in the 
'@Component.imports' of 
this component.
2. If 'mat-menu' is a 
Web Component then add '
CUSTOM_ELEMENTS_SCHEMA' 
to the 
'@Component.schemas' of 
this component to 
suppress this 
message.[0m 
[1m[35m[plugin 
angular-compiler][0m

    src/app/meetings/mee
tings.html:54:14:
[37m      54 Ôöé       
        [32m<mat-menu #
callMenu="matMenu">[37m
         ÔòÁ            
   [32m~~~~~~~~~~~~~~~~
~~~~~~~~~~~~~~[0m

  Error occurs in the 
template of component 
Meetings.

    src/app/meetings/mee
tings.ts:26:15:
[37m      26 Ôöé   
templateUrl: [32m'./mee
tings.html'[37m,
         ÔòÁ            
    [32m~~~~~~~~~~~~~~~
~~[0m


[31mX [41;31m[[41;97m
ERROR[41;31m][0m 
[1mNG8003: No 
directive found with 
exportAs 'matMenu'.[0m 
[1m[35m[plugin 
angular-compiler][0m

    src/app/meetings/mee
tings.html:54:35:
[37m      54 Ôöé       
        <mat-menu #callM
enu="[32mmatMenu[37m">
         ÔòÁ            
                        
[32m~~~~~~~[0m

  Error occurs in the 
template of component 
Meetings.

    src/app/meetings/mee
tings.ts:26:15:
[37m      26 Ôöé   
templateUrl: [32m'./mee
tings.html'[37m,
         ÔòÁ            
    [32m~~~~~~~~~~~~~~~
~~[0m


[31mX [41;31m[[41;97m
ERROR[41;31m][0m 
[1mNG8002: Can't bind 
to 'matTooltip' since 
it isn't a known 
property of 'div'.[0m 
[1m[35m[plugin 
angular-compiler][0m

    src/app/meetings/mee
tings.html:75:34:
[37m      75 Ôöé 
...div class="avatar" [
32m[matTooltip]="partici
pant"[37m>{{ 
participant.ch...
         ÔòÁ            
           [32m~~~~~~~~
~~~~~~~~~~~~~~~~~~[0m

  Error occurs in the 
template of component 
Meetings.

    src/app/meetings/mee
tings.ts:26:15:
[37m      26 Ôöé   
templateUrl: [32m'./mee
tings.html'[37m,
         ÔòÁ            
    [32m~~~~~~~~~~~~~~~
~~[0m


[31mX [41;31m[[41;97m
ERROR[41;31m][0m 
[1mUndefined function.
  ÔòÀ
7 Ôöé   
$typography-config: mat.
define-typography-config
(
  Ôöé ÔöîÔöÇÔöÇÔöÇÔöÇÔöÇ
ÔöÇÔöÇÔöÇÔöÇÔöÇÔöÇÔöÇÔöÇ
ÔöÇÔöÇÔöÇÔöÇÔöÇÔöÇÔöÇÔöÇ
^
8 Ôöé Ôöé   
$font-family: 'Roboto, 
"Helvetica Neue", 
sans-serif',
9 Ôöé Ôöé );
  Ôöé ÔööÔöÇ^
  ÔòÁ
  src\styles.scss 7:21  
root stylesheet[0m 
[1m[35m[plugin 
angular-sass][0m

    angular:styles/globa
l:styles:1:8:
[37m      1 Ôöé 
@import [32m'src/styles
.scss'[37m;
        ÔòÁ         [32
m~~~~~~~~~~~~~~~~~[0m

[39m[22m
